{"calibration_map_version":"calib-v1","forecast_id":"fc-selector-a-0001","intents":[{"action":"buy","cancel_on_move_ticks":null,"execution_style":"cross","idempotency_key":"3e5301e4afb286d0919568a6fb5a96fc3008239f3d11fcbe250f7920e6f6ff2e","implied_probability":620000,"intent_id":"fc-selector-a-0001:yes:buy:sized","market_ticker":"KXFED-24DEC","max_notional":1910000,"outcome":"yes","price":4600,"resting_ttl_seconds":null,"size":400}],"market_ticker":"KXFED-24DEC","reasons":["pass:net_edge_min","pass:annualized_hurdle","pass:ci_straddles_executable_price","pass:quote_snapshot_fresh","pass:forecast_fresh","pass:fee_model_current","pass:market_coherent","pass:citation_support","pass:jurisdiction_eligible","pass:category_eligible","pass:price_within_bands","pass:forecast_live_eligible","sizing: raw_centis=434 g_ppm=800000 binding_cap=none final_centis=400"]}
